Archive member included because of file (symbol)

c:/infineon/tools/dave ide/4.5.0.202105191637/eclipse/arm-gcc-49/bin/../lib/gcc/arm-none-eabi/4.9.3/armv7e-m/softfp\libgcc.a(_aeabi_uldivmod.o)
                              ./Dave/Generated/TIMER/timer.o (__aeabi_uldivmod)
c:/infineon/tools/dave ide/4.5.0.202105191637/eclipse/arm-gcc-49/bin/../lib/gcc/arm-none-eabi/4.9.3/armv7e-m/softfp\libgcc.a(bpabi.o)
                              c:/infineon/tools/dave ide/4.5.0.202105191637/eclipse/arm-gcc-49/bin/../lib/gcc/arm-none-eabi/4.9.3/armv7e-m/softfp\libgcc.a(_aeabi_uldivmod.o) (__gnu_uldivmod_helper)
c:/infineon/tools/dave ide/4.5.0.202105191637/eclipse/arm-gcc-49/bin/../lib/gcc/arm-none-eabi/4.9.3/armv7e-m/softfp\libgcc.a(_dvmd_tls.o)
                              c:/infineon/tools/dave ide/4.5.0.202105191637/eclipse/arm-gcc-49/bin/../lib/gcc/arm-none-eabi/4.9.3/armv7e-m/softfp\libgcc.a(_aeabi_uldivmod.o) (__aeabi_ldiv0)
c:/infineon/tools/dave ide/4.5.0.202105191637/eclipse/arm-gcc-49/bin/../lib/gcc/arm-none-eabi/4.9.3/armv7e-m/softfp\libgcc.a(_divdi3.o)
                              c:/infineon/tools/dave ide/4.5.0.202105191637/eclipse/arm-gcc-49/bin/../lib/gcc/arm-none-eabi/4.9.3/armv7e-m/softfp\libgcc.a(bpabi.o) (__divdi3)
c:/infineon/tools/dave ide/4.5.0.202105191637/eclipse/arm-gcc-49/bin/../lib/gcc/arm-none-eabi/4.9.3/armv7e-m/softfp\libgcc.a(_udivdi3.o)
                              c:/infineon/tools/dave ide/4.5.0.202105191637/eclipse/arm-gcc-49/bin/../lib/gcc/arm-none-eabi/4.9.3/armv7e-m/softfp\libgcc.a(bpabi.o) (__udivdi3)
c:/infineon/tools/dave ide/4.5.0.202105191637/eclipse/arm-gcc-49/bin/../lib/gcc/arm-none-eabi/4.9.3/../../../../arm-none-eabi/lib/armv7e-m/softfp\libg_nano.a(lib_a-errno.o)
                              ./Libraries/Newlib/syscalls.o (__errno)
c:/infineon/tools/dave ide/4.5.0.202105191637/eclipse/arm-gcc-49/bin/../lib/gcc/arm-none-eabi/4.9.3/../../../../arm-none-eabi/lib/armv7e-m/softfp\libg_nano.a(lib_a-impure.o)
                              c:/infineon/tools/dave ide/4.5.0.202105191637/eclipse/arm-gcc-49/bin/../lib/gcc/arm-none-eabi/4.9.3/../../../../arm-none-eabi/lib/armv7e-m/softfp\libg_nano.a(lib_a-errno.o) (_impure_ptr)
c:/infineon/tools/dave ide/4.5.0.202105191637/eclipse/arm-gcc-49/bin/../lib/gcc/arm-none-eabi/4.9.3/../../../../arm-none-eabi/lib/armv7e-m/softfp\libg_nano.a(lib_a-init.o)
                              ./Startup/startup_XMC4200.o (__libc_init_array)
c:/infineon/tools/dave ide/4.5.0.202105191637/eclipse/arm-gcc-49/bin/../lib/gcc/arm-none-eabi/4.9.3/../../../../arm-none-eabi/lib/armv7e-m/softfp\libg_nano.a(lib_a-memcpy.o)
                              ./Libraries/XMCLib/src/xmc_usbd.o (memcpy)
c:/infineon/tools/dave ide/4.5.0.202105191637/eclipse/arm-gcc-49/bin/../lib/gcc/arm-none-eabi/4.9.3/../../../../arm-none-eabi/lib/armv7e-m/softfp\libg_nano.a(lib_a-memset.o)
                              ./Libraries/XMCLib/src/xmc_usbd.o (memset)

Allocating common symbols
Common symbol       size              file

xmc_device          0x208             ./Libraries/XMCLib/src/xmc_usbd.o

Discarded input sections

 .text          0x00000000        0x0 ./Startup/startup_XMC4200.o
 .data          0x00000000        0x0 ./Startup/startup_XMC4200.o
 .bss           0x00000000        0x0 ./Startup/startup_XMC4200.o
 .text          0x00000000        0x0 ./Startup/system_XMC4200.o
 .data          0x00000000        0x0 ./Startup/system_XMC4200.o
 .bss           0x00000000        0x0 ./Startup/system_XMC4200.o
 .text.delay    0x00000000       0x28 ./Startup/system_XMC4200.o
 .text.SystemCoreSetup
                0x00000000       0x70 ./Startup/system_XMC4200.o
 .text.SystemCoreClockSetup
                0x00000000      0x1e8 ./Startup/system_XMC4200.o
 .text.OSCHP_GetFrequency
                0x00000000       0x14 ./Startup/system_XMC4200.o
 .comment       0x00000000       0x71 ./Startup/system_XMC4200.o
 .text          0x00000000        0x0 ./Libraries/XMCLib/src/xmc4_eru.o
 .data          0x00000000        0x0 ./Libraries/XMCLib/src/xmc4_eru.o
 .bss           0x00000000        0x0 ./Libraries/XMCLib/src/xmc4_eru.o
 .text.XMC_ERU_Enable
                0x00000000       0x2c ./Libraries/XMCLib/src/xmc4_eru.o
 .text.XMC_ERU_Disable
                0x00000000       0x2c ./Libraries/XMCLib/src/xmc4_eru.o
 .debug_info    0x00000000      0x5be ./Libraries/XMCLib/src/xmc4_eru.o
 .debug_abbrev  0x00000000      0x180 ./Libraries/XMCLib/src/xmc4_eru.o
 .debug_loc     0x00000000       0xa0 ./Libraries/XMCLib/src/xmc4_eru.o
 .debug_aranges
                0x00000000       0x28 ./Libraries/XMCLib/src/xmc4_eru.o
 .debug_ranges  0x00000000       0x18 ./Libraries/XMCLib/src/xmc4_eru.o
 .debug_line    0x00000000      0x2b2 ./Libraries/XMCLib/src/xmc4_eru.o
 .debug_str     0x00000000      0x795 ./Libraries/XMCLib/src/xmc4_eru.o
 .comment       0x00000000       0x71 ./Libraries/XMCLib/src/xmc4_eru.o
 .debug_frame   0x00000000       0x60 ./Libraries/XMCLib/src/xmc4_eru.o
 .ARM.attributes
[...]
Memory Configuration

Name             Origin             Length             Attributes
FLASH_1_cached   0x08000000         0x00040000         xr
FLASH_1_uncached 0x0c000000         0x00040000         xr
PSRAM_1          0x1fffc000         0x00004000         !xr
DSRAM_1_system   0x20000000         0x00006000         !xr
SRAM_combined    0x1fffc000         0x0000a000         !xr
*default*        0x00000000         0xffffffff

Linker script and memory map

LOAD ./Startup/startup_XMC4200.o
LOAD ./Startup/system_XMC4200.o
LOAD ./Libraries/XMCLib/src/xmc4_eru.o
LOAD ./Libraries/XMCLib/src/xmc4_flash.o
LOAD ./Libraries/XMCLib/src/xmc4_gpio.o
LOAD ./Libraries/XMCLib/src/xmc4_rtc.o
LOAD ./Libraries/XMCLib/src/xmc4_scu.o
LOAD ./Libraries/XMCLib/src/xmc_can.o
LOAD ./Libraries/XMCLib/src/xmc_ccu4.o
LOAD ./Libraries/XMCLib/src/xmc_ccu8.o
LOAD ./Libraries/XMCLib/src/xmc_common.o
LOAD ./Libraries/XMCLib/src/xmc_dac.o
LOAD ./Libraries/XMCLib/src/xmc_dma.o
LOAD ./Libraries/XMCLib/src/xmc_dsd.o
LOAD ./Libraries/XMCLib/src/xmc_ebu.o
LOAD ./Libraries/XMCLib/src/xmc_ecat.o
LOAD ./Libraries/XMCLib/src/xmc_eru.o
LOAD ./Libraries/XMCLib/src/xmc_eth_mac.o
LOAD ./Libraries/XMCLib/src/xmc_eth_phy_dp83848.o
LOAD ./Libraries/XMCLib/src/xmc_eth_phy_ksz8031rnl.o
LOAD ./Libraries/XMCLib/src/xmc_eth_phy_ksz8081rnb.o
LOAD ./Libraries/XMCLib/src/xmc_fce.o
LOAD ./Libraries/XMCLib/src/xmc_gpio.o
LOAD ./Libraries/XMCLib/src/xmc_hrpwm.o
LOAD ./Libraries/XMCLib/src/xmc_i2c.o
LOAD ./Libraries/XMCLib/src/xmc_i2s.o
LOAD ./Libraries/XMCLib/src/xmc_ledts.o
LOAD ./Libraries/XMCLib/src/xmc_posif.o
LOAD ./Libraries/XMCLib/src/xmc_rtc.o
LOAD ./Libraries/XMCLib/src/xmc_sdmmc.o
LOAD ./Libraries/XMCLib/src/xmc_spi.o
LOAD ./Libraries/XMCLib/src/xmc_uart.o
LOAD ./Libraries/XMCLib/src/xmc_usbd.o
LOAD ./Libraries/XMCLib/src/xmc_usbh.o
LOAD ./Libraries/XMCLib/src/xmc_usic.o
LOAD ./Libraries/XMCLib/src/xmc_vadc.o
LOAD ./Libraries/XMCLib/src/xmc_wdt.o
LOAD ./Libraries/Newlib/syscalls.o
LOAD ./Dave/Generated/TIMER/timer.o
LOAD ./Dave/Generated/TIMER/timer_conf.o
LOAD ./Dave/Generated/INTERRUPT/interrupt.o
LOAD ./Dave/Generated/INTERRUPT/interrupt_conf.o
LOAD ./Dave/Generated/GLOBAL_CCU4/global_ccu4.o
LOAD ./Dave/Generated/GLOBAL_CCU4/global_ccu4_conf.o
LOAD ./Dave/Generated/DIGITAL_IO/digital_io.o
LOAD ./Dave/Generated/DIGITAL_IO/digital_io_conf.o
LOAD ./Dave/Generated/CPU_CTRL_XMC4/cpu_ctrl_xmc4.o
LOAD ./Dave/Generated/CPU_CTRL_XMC4/cpu_ctrl_xmc4_conf.o
LOAD ./Dave/Generated/CLOCK_XMC4/clock_xmc4.o
LOAD ./Dave/Generated/CLOCK_XMC4/clock_xmc4_conf.o
LOAD ./Dave/Generated/DAVE.o
LOAD ./main.o
LOAD c:/infineon/tools/dave ide/4.5.0.202105191637/eclipse/arm-gcc-49/bin/../lib/gcc/arm-none-eabi/4.9.3/../../../../arm-none-eabi/lib/armv7e-m/softfp\libm.a
START GROUP
LOAD c:/infineon/tools/dave ide/4.5.0.202105191637/eclipse/arm-gcc-49/bin/../lib/gcc/arm-none-eabi/4.9.3/armv7e-m/softfp\libgcc.a
LOAD c:/infineon/tools/dave ide/4.5.0.202105191637/eclipse/arm-gcc-49/bin/../lib/gcc/arm-none-eabi/4.9.3/../../../../arm-none-eabi/lib/armv7e-m/softfp\libg_nano.a
LOAD c:/infineon/tools/dave ide/4.5.0.202105191637/eclipse/arm-gcc-49/bin/../lib/gcc/arm-none-eabi/4.9.3/../../../../arm-none-eabi/lib/armv7e-m/softfp\libc_nano.a
END GROUP
START GROUP
LOAD c:/infineon/tools/dave ide/4.5.0.202105191637/eclipse/arm-gcc-49/bin/../lib/gcc/arm-none-eabi/4.9.3/armv7e-m/softfp\libgcc.a
LOAD c:/infineon/tools/dave ide/4.5.0.202105191637/eclipse/arm-gcc-49/bin/../lib/gcc/arm-none-eabi/4.9.3/../../../../arm-none-eabi/lib/armv7e-m/softfp\libc_nano.a
LOAD c:/infineon/tools/dave ide/4.5.0.202105191637/eclipse/arm-gcc-49/bin/../lib/gcc/arm-none-eabi/4.9.3/../../../../arm-none-eabi/lib/armv7e-m/softfp\libnosys.a
END GROUP
START GROUP
LOAD c:/infineon/tools/dave ide/4.5.0.202105191637/eclipse/arm-gcc-49/bin/../lib/gcc/arm-none-eabi/4.9.3/armv7e-m/softfp\libgcc.a
LOAD c:/infineon/tools/dave ide/4.5.0.202105191637/eclipse/arm-gcc-49/bin/../lib/gcc/arm-none-eabi/4.9.3/../../../../arm-none-eabi/lib/armv7e-m/softfp\libc_nano.a
LOAD c:/infineon/tools/dave ide/4.5.0.202105191637/eclipse/arm-gcc-49/bin/../lib/gcc/arm-none-eabi/4.9.3/../../../../arm-none-eabi/lib/armv7e-m/softfp\libnosys.a
END GROUP
                0x00000800                stack_size = DEFINED (stack_size)?stack_size:0x800
                0x00000040                no_init_size = 0x40

.text           0x08000000     0x1fd4 load address 0x0c000000
                0x08000000                sText = .
 *(.reset)
 .reset         0x08000000      0x294 ./Startup/startup_XMC4200.o
                0x08000000                __Vectors
                0x08000200                Reset_Handler
                0x08000290                DebugMon_Handler
                0x08000290                VADC0_C0_0_IRQHandler
                0x08000290                CAN0_4_IRQHandler
                0x08000290                USIC0_5_IRQHandler
                0x08000290                POSIF0_0_IRQHandler
                0x08000290                HardFault_Handler
                0x08000290                VADC0_G1_1_IRQHandler
                0x08000290                SysTick_Handler
                0x08000290                PendSV_Handler
                0x08000290                NMI_Handler
                0x08000290                USIC1_3_IRQHandler
                0x08000290                CCU40_2_IRQHandler
                0x08000290                SCU_0_IRQHandler
                0x08000290                ERU0_0_IRQHandler
                0x08000290                CCU41_0_IRQHandler
                0x08000290                USIC1_5_IRQHandler
                0x08000290                CCU80_1_IRQHandler
                0x08000290                HRPWM_0_IRQHandler
                0x08000290                HRPWM_1_IRQHandler
                0x08000290                UsageFault_Handler
                0x08000290                USIC0_0_IRQHandler
                0x08000290                ERU0_2_IRQHandler
                0x08000290                ERU1_1_IRQHandler
                0x08000290                ERU0_3_IRQHandler
                0x08000290                VADC0_C0_3_IRQHandler
                0x08000290                CAN0_6_IRQHandler
                0x08000290                VADC0_G0_1_IRQHandler
                0x08000290                USIC1_1_IRQHandler
                0x08000290                CCU40_0_IRQHandler
                0x08000290                CAN0_0_IRQHandler
                0x08000290                ERU1_0_IRQHandler
                0x08000290                HRPWM_3_IRQHandler
                0x08000290                Default_Handler
                0x08000290                USIC1_4_IRQHandler
                0x08000290                ERU1_3_IRQHandler
                0x08000290                USIC1_0_IRQHandler
                0x08000290                POSIF0_1_IRQHandler
                0x08000290                VADC0_G0_0_IRQHandler
                0x08000290                CCU80_3_IRQHandler
                0x08000290                CCU41_3_IRQHandler
                0x08000290                CCU80_2_IRQHandler
                0x08000290                VADC0_G1_3_IRQHandler
                0x08000290                VADC0_G0_3_IRQHandler
                0x08000290                GPDMA0_0_IRQHandler
                0x08000290                PMU0_0_IRQHandler
                0x08000290                CAN0_7_IRQHandler
                0x08000290                CCU41_2_IRQHandler
                0x08000290                VADC0_C0_1_IRQHandler
                0x08000290                MemManage_Handler
                0x08000290                DAC0_0_IRQHandler
                0x08000290                SVC_Handler
                0x08000290                ERU1_2_IRQHandler
                0x08000290                VADC0_G1_2_IRQHandler
                0x08000290                CAN0_2_IRQHandler
                0x08000290                VADC0_G0_2_IRQHandler
                0x08000290                CAN0_3_IRQHandler
                0x08000290                USIC0_3_IRQHandler
                0x08000290                HRPWM_2_IRQHandler
                0x08000290                VADC0_C0_2_IRQHandler
                0x08000290                FCE0_0_IRQHandler
                0x08000290                VADC0_G1_0_IRQHandler
                0x08000290                USB0_0_IRQHandler
                0x08000290                CAN0_5_IRQHandler
                0x08000290                CCU80_0_IRQHandler
                0x08000290                CCU40_1_IRQHandler
                0x08000290                USIC0_1_IRQHandler
                0x08000290                CCU40_3_IRQHandler
                0x08000290                BusFault_Handler
                0x08000290                LEDTS0_0_IRQHandler
                0x08000290                USIC0_4_IRQHandler
                0x08000290                ERU0_1_IRQHandler
                0x08000290                USIC1_2_IRQHandler
                0x08000290                CAN0_1_IRQHandler
                0x08000290                USIC0_2_IRQHandler
                0x08000290                DAC0_1_IRQHandler
 *(.text .text.* .gnu.linkonce.t.*)
 .text.SystemInit
                0x08000294       0x34 ./Startup/system_XMC4200.o
                0x08000294                SystemInit
 .text.SystemCoreClockUpdate
                0x080002c8       0xd4 ./Startup/system_XMC4200.o
                0x080002c8                SystemCoreClockUpdate
 .text.XMC_GPIO_Init
                0x0800039c      0x140 ./Libraries/XMCLib/src/xmc4_gpio.o
                0x0800039c                XMC_GPIO_Init
 .text.XMC_SCU_GetMirrorStatus
                0x080004dc       0x18 ./Libraries/XMCLib/src/xmc4_scu.o
 .text.XMC_SCU_lDelay
                0x080004f4       0x44 ./Libraries/XMCLib/src/xmc4_scu.o
 .text.XMC_SCU_INTERUPT_GetEventStatus
                0x08000538       0x18 ./Libraries/XMCLib/src/xmc4_scu.o
                0x08000538                XMC_SCU_INTERUPT_GetEventStatus
 .text.XMC_SCU_INTERRUPT_ClearEventStatus
                0x08000550       0x1c ./Libraries/XMCLib/src/xmc4_scu.o
                0x08000550                XMC_SCU_INTERRUPT_ClearEventStatus
 .text.XMC_SCU_CLOCK_Init
                0x0800056c       0xf8 ./Libraries/XMCLib/src/xmc4_scu.o
                0x0800056c                XMC_SCU_CLOCK_Init
 .text.XMC_SCU_RESET_DeassertPeripheralReset
                0x08000664       0x38 ./Libraries/XMCLib/src/xmc4_scu.o
                0x08000664                XMC_SCU_RESET_DeassertPeripheralReset
 .text.XMC_SCU_CLOCK_SetSystemClockSource
                0x0800069c       0x28 ./Libraries/XMCLib/src/xmc4_scu.o
                0x0800069c                XMC_SCU_CLOCK_SetSystemClockSource
 .text.XMC_SCU_CLOCK_SetUsbClockSource
                0x080006c4       0x28 ./Libraries/XMCLib/src/xmc4_scu.o
                0x080006c4                XMC_SCU_CLOCK_SetUsbClockSource
 .text.XMC_SCU_CLOCK_SetWdtClockSource
                0x080006ec       0x28 ./Libraries/XMCLib/src/xmc4_scu.o
                0x080006ec                XMC_SCU_CLOCK_SetWdtClockSource
 .text.XMC_SCU_CLOCK_SetSystemPllClockSource
                0x08000714       0x40 ./Libraries/XMCLib/src/xmc4_scu.o
                0x08000714                XMC_SCU_CLOCK_SetSystemPllClockSource
 .text.XMC_SCU_HIB_SetRtcClockSource
                0x08000754       0x3c ./Libraries/XMCLib/src/xmc4_scu.o
                0x08000754                XMC_SCU_HIB_SetRtcClockSource
 .text.XMC_SCU_HIB_SetStandbyClockSource
                0x08000790       0x3c ./Libraries/XMCLib/src/xmc4_scu.o
                0x08000790                XMC_SCU_HIB_SetStandbyClockSource
 .text.XMC_SCU_CLOCK_SetSystemClockDivider
                0x080007cc       0x28 ./Libraries/XMCLib/src/xmc4_scu.o
                0x080007cc                XMC_SCU_CLOCK_SetSystemClockDivider
 .text.XMC_SCU_CLOCK_SetCcuClockDivider
                0x080007f4       0x28 ./Libraries/XMCLib/src/xmc4_scu.o
                0x080007f4                XMC_SCU_CLOCK_SetCcuClockDivider
 .text.XMC_SCU_CLOCK_SetCpuClockDivider
                0x0800081c       0x28 ./Libraries/XMCLib/src/xmc4_scu.o
                0x0800081c                XMC_SCU_CLOCK_SetCpuClockDivider
 .text.XMC_SCU_CLOCK_SetPeripheralClockDivider
                0x08000844       0x28 ./Libraries/XMCLib/src/xmc4_scu.o
                0x08000844                XMC_SCU_CLOCK_SetPeripheralClockDivider
 .text.XMC_SCU_CLOCK_SetUsbClockDivider
                0x0800086c       0x28 ./Libraries/XMCLib/src/xmc4_scu.o
                0x0800086c                XMC_SCU_CLOCK_SetUsbClockDivider
 .text.XMC_SCU_CLOCK_SetWdtClockDivider
                0x08000894       0x28 ./Libraries/XMCLib/src/xmc4_scu.o
                0x08000894                XMC_SCU_CLOCK_SetWdtClockDivider
 .text.XMC_SCU_CLOCK_EnableClock
                0x080008bc       0x20 ./Libraries/XMCLib/src/xmc4_scu.o
                0x080008bc                XMC_SCU_CLOCK_EnableClock
 .text.XMC_SCU_CLOCK_UngatePeripheralClock
                0x080008dc       0x38 ./Libraries/XMCLib/src/xmc4_scu.o
                0x080008dc                XMC_SCU_CLOCK_UngatePeripheralClock
 .text.XMC_SCU_CLOCK_EnableUsbPll
                0x08000914       0x20 ./Libraries/XMCLib/src/xmc4_scu.o
                0x08000914                XMC_SCU_CLOCK_EnableUsbPll
 .text.XMC_SCU_CLOCK_StartUsbPll
                0x08000934       0xb4 ./Libraries/XMCLib/src/xmc4_scu.o
                0x08000934                XMC_SCU_CLOCK_StartUsbPll
 .text.XMC_SCU_CLOCK_SetBackupClockCalibrationMode
                0x080009e8       0x4c ./Libraries/XMCLib/src/xmc4_scu.o
                0x080009e8                XMC_SCU_CLOCK_SetBackupClockCalibrationMode
 .text.XMC_SCU_HIB_EnableHibernateDomain
                0x08000a34       0x58 ./Libraries/XMCLib/src/xmc4_scu.o
                0x08000a34                XMC_SCU_HIB_EnableHibernateDomain
 .text.XMC_SCU_CLOCK_IsLowPowerOscillatorStable
                0x08000a8c       0x24 ./Libraries/XMCLib/src/xmc4_scu.o
                0x08000a8c                XMC_SCU_CLOCK_IsLowPowerOscillatorStable
 .text.XMC_SCU_CLOCK_EnableLowPowerOscillator
                0x08000ab0       0x70 ./Libraries/XMCLib/src/xmc4_scu.o
                0x08000ab0                XMC_SCU_CLOCK_EnableLowPowerOscillator
 .text.XMC_SCU_CLOCK_EnableHighPerformanceOscillator
                0x08000b20       0x50 ./Libraries/XMCLib/src/xmc4_scu.o
                0x08000b20                XMC_SCU_CLOCK_EnableHighPerformanceOscillator
 .text.XMC_SCU_CLOCK_IsHighPerformanceOscillatorStable
                0x08000b70       0x28 ./Libraries/XMCLib/src/xmc4_scu.o
                0x08000b70                XMC_SCU_CLOCK_IsHighPerformanceOscillatorStable
 .text.XMC_SCU_CLOCK_EnableSystemPll
                0x08000b98       0x20 ./Libraries/XMCLib/src/xmc4_scu.o
                0x08000b98                XMC_SCU_CLOCK_EnableSystemPll
 .text.XMC_SCU_CLOCK_DisableSystemPll
                0x08000bb8       0x20 ./Libraries/XMCLib/src/xmc4_scu.o
                0x08000bb8                XMC_SCU_CLOCK_DisableSystemPll
 .text.XMC_SCU_CLOCK_StartSystemPll
                0x08000bd8      0x19c ./Libraries/XMCLib/src/xmc4_scu.o
                0x08000bd8                XMC_SCU_CLOCK_StartSystemPll
 .text.XMC_SCU_CLOCK_StepSystemPllFrequency
                0x08000d74       0x3c ./Libraries/XMCLib/src/xmc4_scu.o
                0x08000d74                XMC_SCU_CLOCK_StepSystemPllFrequency
 .text.XMC_CCU4_StartPrescaler
                0x08000db0       0x1c ./Libraries/XMCLib/src/xmc_ccu4.o
 .text.XMC_CCU4_lDeassertReset
                0x08000dcc       0x34 ./Libraries/XMCLib/src/xmc_ccu4.o
 .text.XMC_CCU4_lUngateClock
                0x08000e00       0x34 ./Libraries/XMCLib/src/xmc_ccu4.o
 .text.XMC_CCU4_EnableModule
                0x08000e34       0x20 ./Libraries/XMCLib/src/xmc_ccu4.o
                0x08000e34                XMC_CCU4_EnableModule
 .text.XMC_CCU4_Init
                0x08000e54       0x3c ./Libraries/XMCLib/src/xmc_ccu4.o
                0x08000e54                XMC_CCU4_Init
 .text.XMC_CCU4_SLICE_CompareInit
                0x08000e90       0x6c ./Libraries/XMCLib/src/xmc_ccu4.o
                0x08000e90                XMC_CCU4_SLICE_CompareInit
 .text.XMC_CCU4_SLICE_SetPrescaler
                0x08000efc       0x3c ./Libraries/XMCLib/src/xmc_ccu4.o
                0x08000efc                XMC_CCU4_SLICE_SetPrescaler
 .text.XMC_CCU4_SLICE_SetInterruptNode
                0x08000f38       0xc8 ./Libraries/XMCLib/src/xmc_ccu4.o
                0x08000f38                XMC_CCU4_SLICE_SetInterruptNode
 .text.XMC_GPIO_SetHardwareControl
                0x08001000       0x44 ./Libraries/XMCLib/src/xmc_gpio.o
                0x08001000                XMC_GPIO_SetHardwareControl
 .text._init    0x08001044        0xc ./Libraries/Newlib/syscalls.o
                0x08001044                _init
 .text.XMC_CCU4_EnableClock
                0x08001050       0x20 ./Dave/Generated/TIMER/timer.o
 .text.XMC_CCU4_SLICE_IsTimerRunning
                0x08001070       0x28 ./Dave/Generated/TIMER/timer.o
 .text.XMC_CCU4_SLICE_StartTimer
                0x08001098       0x18 ./Dave/Generated/TIMER/timer.o
 .text.XMC_CCU4_SLICE_StopTimer
                0x080010b0       0x18 ./Dave/Generated/TIMER/timer.o
 .text.XMC_CCU4_SLICE_ClearTimer
                0x080010c8       0x18 ./Dave/Generated/TIMER/timer.o
 .text.XMC_CCU4_SLICE_SetTimerPeriodMatch
                0x080010e0       0x1c ./Dave/Generated/TIMER/timer.o
 .text.XMC_CCU4_SLICE_SetTimerCompareMatch
                0x080010fc       0x1c ./Dave/Generated/TIMER/timer.o
 .text.XMC_CCU4_EnableShadowTransfer
                0x08001118       0x1c ./Dave/Generated/TIMER/timer.o
 .text.XMC_CCU4_SLICE_EnableEvent
                0x08001134       0x2c ./Dave/Generated/TIMER/timer.o
 .text.XMC_CCU4_SLICE_ClearEvent
                0x08001160       0x24 ./Dave/Generated/TIMER/timer.o
 .text.TIMER_Init
                0x08001184       0x3c ./Dave/Generated/TIMER/timer.o
                0x08001184                TIMER_Init
 .text.TIMER_Start
                0x080011c0       0x3c ./Dave/Generated/TIMER/timer.o
                0x080011c0                TIMER_Start
 .text.TIMER_Stop
                0x080011fc       0x48 ./Dave/Generated/TIMER/timer.o
                0x080011fc                TIMER_Stop
 .text.TIMER_GetTimerStatus
                0x08001244       0x30 ./Dave/Generated/TIMER/timer.o
                0x08001244                TIMER_GetTimerStatus
 *fill*         0x08001274        0x4 
 .text.TIMER_SetTimeInterval
                0x08001278      0x128 ./Dave/Generated/TIMER/timer.o
                0x08001278                TIMER_SetTimeInterval
 .text.TIMER_ClearEvent
                0x080013a0       0x24 ./Dave/Generated/TIMER/timer.o
                0x080013a0                TIMER_ClearEvent
 .text.TIMER_CCU4_lInit
                0x080013c4       0x98 ./Dave/Generated/TIMER/timer.o
                0x080013c4                TIMER_CCU4_lInit
 .text.TIMER_CCU4_lShadowTransfer
                0x0800145c       0x3c ./Dave/Generated/TIMER/timer.o
                0x0800145c                TIMER_CCU4_lShadowTransfer
 .text.__NVIC_GetPriorityGrouping
                0x08001498       0x1c ./Dave/Generated/INTERRUPT/interrupt.o
 .text.__NVIC_EnableIRQ
                0x080014b4       0x38 ./Dave/Generated/INTERRUPT/interrupt.o
 .text.__NVIC_SetPriority
                0x080014ec       0x54 ./Dave/Generated/INTERRUPT/interrupt.o
 .text.NVIC_EncodePriority
                0x08001540       0x64 ./Dave/Generated/INTERRUPT/interrupt.o
 .text.INTERRUPT_Enable
                0x080015a4       0x1c ./Dave/Generated/INTERRUPT/interrupt.o
 .text.INTERRUPT_Init
                0x080015c0       0x4c ./Dave/Generated/INTERRUPT/interrupt.o
                0x080015c0                INTERRUPT_Init
 .text.XMC_CCU4_StartPrescaler
                0x0800160c       0x1c ./Dave/Generated/GLOBAL_CCU4/global_ccu4.o
 .text.GLOBAL_CCU4_Init
                0x08001628       0x40 ./Dave/Generated/GLOBAL_CCU4/global_ccu4.o
                0x08001628                GLOBAL_CCU4_Init
 .text.DIGITAL_IO_Init
                0x08001668       0x40 ./Dave/Generated/DIGITAL_IO/digital_io.o
                0x08001668                DIGITAL_IO_Init
 .text.__NVIC_SetPriorityGrouping
                0x080016a8       0x48 ./Dave/Generated/CPU_CTRL_XMC4/cpu_ctrl_xmc4_conf.o
 .text.SystemCoreSetup
                0x080016f0       0xa0 ./Dave/Generated/CPU_CTRL_XMC4/cpu_ctrl_xmc4_conf.o
                0x080016f0                SystemCoreSetup
 .text.CLOCK_XMC4_Init
                0x08001790       0x20 ./Dave/Generated/CLOCK_XMC4/clock_xmc4.o
                0x08001790                CLOCK_XMC4_Init
 .text.OSCHP_GetFrequency
                0x080017b0       0x14 ./Dave/Generated/CLOCK_XMC4/clock_xmc4.o
                0x080017b0                OSCHP_GetFrequency
 .text.SystemCoreClockSetup
                0x080017c4       0x50 ./Dave/Generated/CLOCK_XMC4/clock_xmc4_conf.o
                0x080017c4                SystemCoreClockSetup
 .text.DAVE_Init
                0x08001814       0x74 ./Dave/Generated/DAVE.o
                0x08001814                DAVE_Init
 .text.XMC_GPIO_ToggleOutput
                0x08001888       0x24 ./main.o
 .text.XMC_GPIO_GetInput
                0x080018ac       0x28 ./main.o
 .text.DIGITAL_IO_ToggleOutput
                0x080018d4       0x20 ./main.o
 .text.DIGITAL_IO_GetInput
                0x080018f4       0x24 ./main.o
 .text.main     0x08001918       0x48 ./main.o
                0x08001918                main
 .text.CCU41_1_IRQHandler
                0x08001960       0x50 ./main.o
                0x08001960                CCU41_1_IRQHandler
 .text          0x080019b0       0x2c c:/infineon/tools/dave ide/4.5.0.202105191637/eclipse/arm-gcc-49/bin/../lib/gcc/arm-none-eabi/4.9.3/armv7e-m/softfp\libgcc.a(_aeabi_uldivmod.o)
                0x080019b0                __aeabi_uldivmod
 .text          0x080019dc       0x60 c:/infineon/tools/dave ide/4.5.0.202105191637/eclipse/arm-gcc-49/bin/../lib/gcc/arm-none-eabi/4.9.3/armv7e-m/softfp\libgcc.a(bpabi.o)
                0x080019dc                __gnu_ldivmod_helper
                0x08001a0c                __gnu_uldivmod_helper
 .text          0x08001a3c        0x4 c:/infineon/tools/dave ide/4.5.0.202105191637/eclipse/arm-gcc-49/bin/../lib/gcc/arm-none-eabi/4.9.3/armv7e-m/softfp\libgcc.a(_dvmd_tls.o)
                0x08001a3c                __aeabi_idiv0
                0x08001a3c                __aeabi_ldiv0
 .text          0x08001a40      0x29c c:/infineon/tools/dave ide/4.5.0.202105191637/eclipse/arm-gcc-49/bin/../lib/gcc/arm-none-eabi/4.9.3/armv7e-m/softfp\libgcc.a(_divdi3.o)
                0x08001a40                __divdi3
 .text          0x08001cdc      0x26c c:/infineon/tools/dave ide/4.5.0.202105191637/eclipse/arm-gcc-49/bin/../lib/gcc/arm-none-eabi/4.9.3/armv7e-m/softfp\libgcc.a(_udivdi3.o)
                0x08001cdc                __udivdi3
 .text.__libc_init_array
                0x08001f48       0x4c c:/infineon/tools/dave ide/4.5.0.202105191637/eclipse/arm-gcc-49/bin/../lib/gcc/arm-none-eabi/4.9.3/../../../../arm-none-eabi/lib/armv7e-m/softfp\libg_nano.a(lib_a-init.o)
                0x08001f48                __libc_init_array
 *(.init)
 *(.fini)
 *crtbegin.o(.ctors)
 *crtbegin?.o(.ctors)
 *(EXCLUDE_FILE(*crtend.o *crtend?.o) .ctors)
 *(SORT(.ctors.*))
 *(.ctors)
 *crtbegin.o(.dtors)
 *crtbegin?.o(.dtors)
 *(EXCLUDE_FILE(*crtend.o *crtend?.o) .dtors)
 *(SORT(.dtors.*))
 *(.dtors)
 *(.rodata .rodata.*)
 .rodata.INTERRUPT_0
                0x08001f94        0x4 ./Dave/Generated/INTERRUPT/interrupt_conf.o
                0x08001f94                INTERRUPT_0
 .rodata.LED1   0x08001f98       0x14 ./Dave/Generated/DIGITAL_IO/digital_io_conf.o
                0x08001f98                LED1
 .rodata.BTN1   0x08001fac       0x14 ./Dave/Generated/DIGITAL_IO/digital_io_conf.o
                0x08001fac                BTN1
 .rodata        0x08001fc0       0x14 ./Dave/Generated/CLOCK_XMC4/clock_xmc4_conf.o
 *(.gnu.linkonce.r*)
 *(vtable)
                0x08001fd4                . = ALIGN (0x4)

.glue_7         0x08001fd4        0x0 load address 0x0c001fd4
 .glue_7        0x00000000        0x0 linker stubs

.glue_7t        0x08001fd4        0x0 load address 0x0c001fd4
 .glue_7t       0x00000000        0x0 linker stubs

.vfp11_veneer   0x08001fd4        0x0 load address 0x0c001fd4
 .vfp11_veneer  0x00000000        0x0 linker stubs

.v4_bx          0x08001fd4        0x0 load address 0x0c001fd4
 .v4_bx         0x00000000        0x0 linker stubs

.iplt           0x08001fd4        0x0 load address 0x0c001fd4
 .iplt          0x00000000        0x0 ./Startup/startup_XMC4200.o

.eh_frame_hdr
 *(.eh_frame_hdr)

.eh_frame
 *(.eh_frame)

.ARM.extab
 *(.ARM.extab* .gnu.linkonce.armextab.*)
                0x08001fd4                . = ALIGN (0x4)
                0x08001fd4                __exidx_start = .

.ARM.exidx      0x08001fd4        0x8 load address 0x0c001fd4
 *(.ARM.exidx* .gnu.linkonce.armexidx.*)
 .ARM.exidx     0x08001fd4        0x8 c:/infineon/tools/dave ide/4.5.0.202105191637/eclipse/arm-gcc-49/bin/../lib/gcc/arm-none-eabi/4.9.3/armv7e-m/softfp\libgcc.a(_divdi3.o)
 .ARM.exidx     0x08001fdc        0x0 c:/infineon/tools/dave ide/4.5.0.202105191637/eclipse/arm-gcc-49/bin/../lib/gcc/arm-none-eabi/4.9.3/armv7e-m/softfp\libgcc.a(_udivdi3.o)
                                  0x8 (size before relaxing)
                0x08001fdc                __exidx_end = .

.rel.dyn        0x08001fdc        0x0 load address 0x0c001fdc
 .rel.iplt      0x00000000        0x0 ./Startup/startup_XMC4200.o
                0x08001fdc                . = ALIGN (0x4)

Stack           0x1fffc000      0x800
                0x1fffc000                __stack_start = .
                0x1fffc800                . = (. + stack_size)
 *fill*         0x1fffc000      0x800 
                0x1fffc800                __stack_end = .
                0x1fffc800                __initial_sp = .

.ram_code       0x1fffc800        0x0 load address 0x0c001fdc
                0x1fffc800                . = ALIGN (0x4)
                0x1fffc800                __ram_code_start = .
 *(.ram_code)
                0x1fffc800                . = ALIGN (0x4)
                0x1fffc800                __ram_code_end = .
                0x0c001fdc                __ram_code_load = LOADADDR (.ram_code)
                0x00000000                __ram_code_size = (__ram_code_end - __ram_code_start)

.data           0x1fffc800       0x38 load address 0x0c001fdc
                0x1fffc800                . = ALIGN (0x4)
                0x1fffc800                __data_start = .
 *(.data)
 *(.data*)
 .data.TIMER    0x1fffc800       0x28 ./Dave/Generated/TIMER/timer_conf.o
                0x1fffc800                TIMER
 .data.GLOBAL_CCU4_0
                0x1fffc828       0x10 ./Dave/Generated/GLOBAL_CCU4/global_ccu4_conf.o
                0x1fffc828                GLOBAL_CCU4_0
 *(*.data)
 *(.gnu.linkonce.d*)
                0x1fffc838                . = ALIGN (0x4)
                0x1fffc838                PROVIDE (__preinit_array_start, .)
 *(.preinit_array)
                0x1fffc838                PROVIDE (__preinit_array_end, .)
                0x1fffc838                . = ALIGN (0x4)
                0x1fffc838                PROVIDE (__init_array_start, .)
 *(SORT(.init_array.*))
 *(.init_array)
                0x1fffc838                PROVIDE (__init_array_end, .)
                0x1fffc838                . = ALIGN (0x4)
                0x1fffc838                PROVIDE (__fini_array_start, .)
 *(SORT(.fini_array.*))
 *(.fini_array)
                0x1fffc838                PROVIDE (__fini_array_end, .)
                0x1fffc838                . = ALIGN (0x4)
                0x1fffc838                __data_end = .
                0x0c001fdc                __data_load = LOADADDR (.data)
                0x00000038                __data_size = (__data_end - __data_start)
                0x00002014                __text_size = (((__exidx_end - sText) + __data_size) + __ram_code_size)
                0x08002014                eText = (sText + __text_size)

.igot.plt       0x1fffc838        0x0 load address 0x0c002014
 .igot.plt      0x00000000        0x0 ./Startup/startup_XMC4200.o

.bss            0x1fffc838       0x10 load address 0x0c002014
                0x1fffc838                . = ALIGN (0x4)
                0x1fffc838                __bss_start = .
 *(.bss)
 *(.bss*)
 .bss.TIMER_config
                0x1fffc838        0x8 ./Dave/Generated/TIMER/timer_conf.o
                0x1fffc838                TIMER_config
 .bss.CLOCK_XMC4_0
                0x1fffc840        0x4 ./Dave/Generated/CLOCK_XMC4/clock_xmc4_conf.o
                0x1fffc840                CLOCK_XMC4_0
 .bss.timetick_count
                0x1fffc844        0x4 ./main.o
                0x1fffc844                timetick_count
 *(COMMON)
 *(.gnu.linkonce.b*)
                0x1fffc848                . = ALIGN (0x4)
                0x1fffc848                __bss_end = .
                0x00000010                __bss_size = (__bss_end - __bss_start)
                0x000037b8                __shift_loc = (__bss_end >= ORIGIN (DSRAM_1_system))?0x0:(ORIGIN (DSRAM_1_system) - __bss_end)

USB_RAM         0x20000000        0x0
                0x20000000                . = ALIGN (0x4)
                0x20000000                USB_RAM_start = .
 *(USB_RAM)
                0x20000000                . = ALIGN (0x4)
                0x20000000                USB_RAM_end = .
                0x20000000                . = ALIGN (0x8)
                0x20000000                Heap_Bank1_Start = .
                0x00000000                USB_RAM_size = (USB_RAM_end - USB_RAM_start)

.no_init        0x20005fc0       0x20
                0x20005fc0                Heap_Bank1_End = .
 *(.no_init)
 .no_init       0x20005fc0       0x20 ./Startup/system_XMC4200.o
                0x20005fc0                SystemCoreClock
                0x20005fc4                g_chipid
                0x20005fd4                g_hrpwm_char_data
                0x00005fc0                Heap_Bank1_Size = (Heap_Bank1_End - Heap_Bank1_Start)
                0x00000001                ASSERT ((Heap_Bank1_Start <= Heap_Bank1_End), region SRAM_combined overflowed no_init section)

/DISCARD/
 *(.comment)

.stab
 *(.stab)

.stabstr
 *(.stabstr)

.debug
 *(.debug)

.line
 *(.line)

.debug_srcinfo
 *(.debug_srcinfo)

.debug_sfnames
 *(.debug_sfnames)

.debug_aranges  0x00000000      0x908
 *(.debug_aranges)
 .debug_aranges
                0x00000000       0x20 ./Startup/startup_XMC4200.o
 .debug_aranges
                0x00000020       0x48 ./Startup/system_XMC4200.o
 .debug_aranges
                0x00000068       0x28 ./Libraries/XMCLib/src/xmc4_gpio.o
 .debug_aranges
                0x00000090      0x428 ./Libraries/XMCLib/src/xmc4_scu.o
 .debug_aranges
                0x000004b8      0x138 ./Libraries/XMCLib/src/xmc_ccu4.o
 .debug_aranges
                0x000005f0       0x28 ./Libraries/XMCLib/src/xmc_gpio.o
 .debug_aranges
                0x00000618       0x28 ./Libraries/Newlib/syscalls.o
 .debug_aranges
                0x00000640       0xd8 ./Dave/Generated/TIMER/timer.o
 .debug_aranges
                0x00000718       0x18 ./Dave/Generated/TIMER/timer_conf.o
 .debug_aranges
                0x00000730       0x50 ./Dave/Generated/INTERRUPT/interrupt.o
 .debug_aranges
                0x00000780       0x18 ./Dave/Generated/INTERRUPT/interrupt_conf.o
 .debug_aranges
                0x00000798       0x30 ./Dave/Generated/GLOBAL_CCU4/global_ccu4.o
 .debug_aranges
                0x000007c8       0x18 ./Dave/Generated/GLOBAL_CCU4/global_ccu4_conf.o
 .debug_aranges
                0x000007e0       0x28 ./Dave/Generated/DIGITAL_IO/digital_io.o
 .debug_aranges
                0x00000808       0x18 ./Dave/Generated/DIGITAL_IO/digital_io_conf.o
 .debug_aranges
                0x00000820       0x28 ./Dave/Generated/CPU_CTRL_XMC4/cpu_ctrl_xmc4_conf.o
 .debug_aranges
                0x00000848       0x38 ./Dave/Generated/CLOCK_XMC4/clock_xmc4.o
 .debug_aranges
                0x00000880       0x20 ./Dave/Generated/CLOCK_XMC4/clock_xmc4_conf.o
 .debug_aranges
                0x000008a0       0x20 ./Dave/Generated/DAVE.o
 .debug_aranges
                0x000008c0       0x48 ./main.o

.debug_pubnames
 *(.debug_pubnames)

.debug_pubtypes
 *(.debug_pubtypes)

.debug_info     0x00000000     0xafcf
 *(.debug_info .gnu.linkonce.wi.*)
 .debug_info    0x00000000       0x8e ./Startup/startup_XMC4200.o
 .debug_info    0x0000008e      0xa06 ./Startup/system_XMC4200.o
 .debug_info    0x00000a94      0x4dd ./Libraries/XMCLib/src/xmc4_gpio.o
 .debug_info    0x00000f71     0x26b6 ./Libraries/XMCLib/src/xmc4_scu.o
 .debug_info    0x00003627     0x1702 ./Libraries/XMCLib/src/xmc_ccu4.o
 .debug_info    0x00004d29      0x458 ./Libraries/XMCLib/src/xmc_gpio.o
 .debug_info    0x00005181      0x11f ./Libraries/Newlib/syscalls.o
 .debug_info    0x000052a0      0xe34 ./Dave/Generated/TIMER/timer.o
 .debug_info    0x000060d4      0x8dd ./Dave/Generated/TIMER/timer_conf.o
 .debug_info    0x000069b1      0x8ec ./Dave/Generated/INTERRUPT/interrupt.o
 .debug_info    0x0000729d      0x3f7 ./Dave/Generated/INTERRUPT/interrupt_conf.o
 .debug_info    0x00007694      0x45f ./Dave/Generated/GLOBAL_CCU4/global_ccu4.o
 .debug_info    0x00007af3      0x35f ./Dave/Generated/GLOBAL_CCU4/global_ccu4_conf.o
 .debug_info    0x00007e52      0x597 ./Dave/Generated/DIGITAL_IO/digital_io.o
 .debug_info    0x000083e9      0x4e4 ./Dave/Generated/DIGITAL_IO/digital_io_conf.o
 .debug_info    0x000088cd      0x52e ./Dave/Generated/CPU_CTRL_XMC4/cpu_ctrl_xmc4_conf.o
 .debug_info    0x00008dfb      0x2dd ./Dave/Generated/CLOCK_XMC4/clock_xmc4.o
 .debug_info    0x000090d8      0x43e ./Dave/Generated/CLOCK_XMC4/clock_xmc4_conf.o
 .debug_info    0x00009516      0xe1f ./Dave/Generated/DAVE.o
 .debug_info    0x0000a335      0xc9a ./main.o

.debug_abbrev   0x00000000     0x1e4c
 *(.debug_abbrev)
 .debug_abbrev  0x00000000       0x14 ./Startup/startup_XMC4200.o
 .debug_abbrev  0x00000014      0x1f1 ./Startup/system_XMC4200.o
 .debug_abbrev  0x00000205      0x144 ./Libraries/XMCLib/src/xmc4_gpio.o
 .debug_abbrev  0x00000349      0x2a3 ./Libraries/XMCLib/src/xmc4_scu.o
 .debug_abbrev  0x000005ec      0x232 ./Libraries/XMCLib/src/xmc_ccu4.o
 .debug_abbrev  0x0000081e      0x144 ./Libraries/XMCLib/src/xmc_gpio.o
 .debug_abbrev  0x00000962       0xbd ./Libraries/Newlib/syscalls.o
 .debug_abbrev  0x00000a1f      0x252 ./Dave/Generated/TIMER/timer.o
 .debug_abbrev  0x00000c71      0x181 ./Dave/Generated/TIMER/timer_conf.o
 .debug_abbrev  0x00000df2      0x212 ./Dave/Generated/INTERRUPT/interrupt.o
 .debug_abbrev  0x00001004       0xd8 ./Dave/Generated/INTERRUPT/interrupt_conf.o
 .debug_abbrev  0x000010dc      0x196 ./Dave/Generated/GLOBAL_CCU4/global_ccu4.o
 .debug_abbrev  0x00001272      0x124 ./Dave/Generated/GLOBAL_CCU4/global_ccu4_conf.o
 .debug_abbrev  0x00001396      0x171 ./Dave/Generated/DIGITAL_IO/digital_io.o
 .debug_abbrev  0x00001507      0x126 ./Dave/Generated/DIGITAL_IO/digital_io_conf.o
 .debug_abbrev  0x0000162d      0x1b4 ./Dave/Generated/CPU_CTRL_XMC4/cpu_ctrl_xmc4_conf.o
 .debug_abbrev  0x000017e1      0x13d ./Dave/Generated/CLOCK_XMC4/clock_xmc4.o
 .debug_abbrev  0x0000191e      0x134 ./Dave/Generated/CLOCK_XMC4/clock_xmc4_conf.o
 .debug_abbrev  0x00001a52      0x1ae ./Dave/Generated/DAVE.o
 .debug_abbrev  0x00001c00      0x24c ./main.o

.debug_line     0x00000000     0x48b7
 *(.debug_line)
 .debug_line    0x00000000       0x87 ./Startup/startup_XMC4200.o
 .debug_line    0x00000087      0x31c ./Startup/system_XMC4200.o
 .debug_line    0x000003a3      0x23a ./Libraries/XMCLib/src/xmc4_gpio.o
 .debug_line    0x000005dd      0xf5e ./Libraries/XMCLib/src/xmc4_scu.o
 .debug_line    0x0000153b      0x64f ./Libraries/XMCLib/src/xmc_ccu4.o
 .debug_line    0x00001b8a      0x22e ./Libraries/XMCLib/src/xmc_gpio.o
 .debug_line    0x00001db8       0xd0 ./Libraries/Newlib/syscalls.o
 .debug_line    0x00001e88      0x5a3 ./Dave/Generated/TIMER/timer.o
 .debug_line    0x0000242b      0x32d ./Dave/Generated/TIMER/timer_conf.o
 .debug_line    0x00002758      0x344 ./Dave/Generated/INTERRUPT/interrupt.o
 .debug_line    0x00002a9c      0x22a ./Dave/Generated/INTERRUPT/interrupt_conf.o
 .debug_line    0x00002cc6      0x358 ./Dave/Generated/GLOBAL_CCU4/global_ccu4.o
 .debug_line    0x0000301e      0x2b8 ./Dave/Generated/GLOBAL_CCU4/global_ccu4_conf.o
 .debug_line    0x000032d6      0x2aa ./Dave/Generated/DIGITAL_IO/digital_io.o
 .debug_line    0x00003580      0x222 ./Dave/Generated/DIGITAL_IO/digital_io_conf.o
 .debug_line    0x000037a2      0x29b ./Dave/Generated/CPU_CTRL_XMC4/cpu_ctrl_xmc4_conf.o
 .debug_line    0x00003a3d      0x2e0 ./Dave/Generated/CLOCK_XMC4/clock_xmc4.o
 .debug_line    0x00003d1d      0x2b6 ./Dave/Generated/CLOCK_XMC4/clock_xmc4_conf.o
 .debug_line    0x00003fd3      0x3ff ./Dave/Generated/DAVE.o
 .debug_line    0x000043d2      0x4e5 ./main.o

.debug_frame    0x00000000     0x24c0
 *(.debug_frame)
 .debug_frame   0x00000000       0xec ./Startup/system_XMC4200.o
 .debug_frame   0x000000ec       0x60 ./Libraries/XMCLib/src/xmc4_gpio.o
 .debug_frame   0x0000014c     0x139c ./Libraries/XMCLib/src/xmc4_scu.o
 .debug_frame   0x000014e8      0x5b0 ./Libraries/XMCLib/src/xmc_ccu4.o
 .debug_frame   0x00001a98       0x60 ./Libraries/XMCLib/src/xmc_gpio.o
 .debug_frame   0x00001af8       0x5c ./Libraries/Newlib/syscalls.o
 .debug_frame   0x00001b54      0x3ec ./Dave/Generated/TIMER/timer.o
 .debug_frame   0x00001f40      0x124 ./Dave/Generated/INTERRUPT/interrupt.o
 .debug_frame   0x00002064       0x88 ./Dave/Generated/GLOBAL_CCU4/global_ccu4.o
 .debug_frame   0x000020ec       0x60 ./Dave/Generated/DIGITAL_IO/digital_io.o
 .debug_frame   0x0000214c       0x60 ./Dave/Generated/CPU_CTRL_XMC4/cpu_ctrl_xmc4_conf.o
 .debug_frame   0x000021ac       0xac ./Dave/Generated/CLOCK_XMC4/clock_xmc4.o
 .debug_frame   0x00002258       0x3c ./Dave/Generated/CLOCK_XMC4/clock_xmc4_conf.o
 .debug_frame   0x00002294       0x38 ./Dave/Generated/DAVE.o
 .debug_frame   0x000022cc       0xec ./main.o
 .debug_frame   0x000023b8       0x28 c:/infineon/tools/dave ide/4.5.0.202105191637/eclipse/arm-gcc-49/bin/../lib/gcc/arm-none-eabi/4.9.3/armv7e-m/softfp\libgcc.a(_aeabi_uldivmod.o)
 .debug_frame   0x000023e0       0x50 c:/infineon/tools/dave ide/4.5.0.202105191637/eclipse/arm-gcc-49/bin/../lib/gcc/arm-none-eabi/4.9.3/armv7e-m/softfp\libgcc.a(bpabi.o)
 .debug_frame   0x00002430       0x34 c:/infineon/tools/dave ide/4.5.0.202105191637/eclipse/arm-gcc-49/bin/../lib/gcc/arm-none-eabi/4.9.3/armv7e-m/softfp\libgcc.a(_divdi3.o)
 .debug_frame   0x00002464       0x30 c:/infineon/tools/dave ide/4.5.0.202105191637/eclipse/arm-gcc-49/bin/../lib/gcc/arm-none-eabi/4.9.3/armv7e-m/softfp\libgcc.a(_udivdi3.o)
 .debug_frame   0x00002494       0x2c c:/infineon/tools/dave ide/4.5.0.202105191637/eclipse/arm-gcc-49/bin/../lib/gcc/arm-none-eabi/4.9.3/../../../../arm-none-eabi/lib/armv7e-m/softfp\libg_nano.a(lib_a-init.o)

.debug_str      0x00000000     0x5a36
 *(.debug_str)
 .debug_str     0x00000000      0x5d8 ./Startup/system_XMC4200.o
                                0x64a (size before relaxing)
 .debug_str     0x000005d8      0x544 ./Libraries/XMCLib/src/xmc4_gpio.o
                                0x7ed (size before relaxing)
 .debug_str     0x00000b1c     0x2638 ./Libraries/XMCLib/src/xmc4_scu.o
                               0x2b8a (size before relaxing)
 .debug_str     0x00003154     0x1518 ./Libraries/XMCLib/src/xmc_ccu4.o
                               0x1c84 (size before relaxing)
 .debug_str     0x0000466c       0xca ./Libraries/XMCLib/src/xmc_gpio.o
                                0x69b (size before relaxing)
 .debug_str     0x00004736       0x6f ./Libraries/Newlib/syscalls.o
                                0x229 (size before relaxing)
 .debug_str     0x000047a5      0x540 ./Dave/Generated/TIMER/timer.o
                                0xc49 (size before relaxing)
 .debug_str     0x00004ce5      0x290 ./Dave/Generated/TIMER/timer_conf.o
                                0xb84 (size before relaxing)
 .debug_str     0x00004f75      0x5cf ./Dave/Generated/INTERRUPT/interrupt.o
                                0x92f (size before relaxing)
 .debug_str     0x00005544       0x39 ./Dave/Generated/INTERRUPT/interrupt_conf.o
                                0x6fd (size before relaxing)
 .debug_str     0x0000557d       0xb5 ./Dave/Generated/GLOBAL_CCU4/global_ccu4.o
                                0x5ac (size before relaxing)
 .debug_str     0x00005632       0x31 ./Dave/Generated/GLOBAL_CCU4/global_ccu4_conf.o
                                0x4c0 (size before relaxing)
 .debug_str     0x00005663       0xdf ./Dave/Generated/DIGITAL_IO/digital_io.o
                                0x92a (size before relaxing)
 .debug_str     0x00005742       0x39 ./Dave/Generated/DIGITAL_IO/digital_io_conf.o
                                0x875 (size before relaxing)
 .debug_str     0x0000577b       0x88 ./Dave/Generated/CPU_CTRL_XMC4/cpu_ctrl_xmc4_conf.o
                                0x42d (size before relaxing)
 .debug_str     0x00005803       0xf3 ./Dave/Generated/CLOCK_XMC4/clock_xmc4.o
                                0x3de (size before relaxing)
 .debug_str     0x000058f6       0x50 ./Dave/Generated/CLOCK_XMC4/clock_xmc4_conf.o
                                0x7be (size before relaxing)
 .debug_str     0x00005946       0x65 ./Dave/Generated/DAVE.o
                               0x1262 (size before relaxing)
 .debug_str     0x000059ab       0x8b ./main.o
                                0xe59 (size before relaxing)

.debug_loc      0x00000000     0x49fa
 *(.debug_loc)
 .debug_loc     0x00000000      0x1a4 ./Startup/system_XMC4200.o
 .debug_loc     0x000001a4       0xb8 ./Libraries/XMCLib/src/xmc4_gpio.o
 .debug_loc     0x0000025c     0x2948 ./Libraries/XMCLib/src/xmc4_scu.o
 .debug_loc     0x00002ba4      0xc90 ./Libraries/XMCLib/src/xmc_ccu4.o
 .debug_loc     0x00003834       0xb8 ./Libraries/XMCLib/src/xmc_gpio.o
 .debug_loc     0x000038ec       0x94 ./Libraries/Newlib/syscalls.o
 .debug_loc     0x00003980      0x81e ./Dave/Generated/TIMER/timer.o
 .debug_loc     0x0000419e      0x254 ./Dave/Generated/INTERRUPT/interrupt.o
 .debug_loc     0x000043f2      0x108 ./Dave/Generated/GLOBAL_CCU4/global_ccu4.o
 .debug_loc     0x000044fa       0xac ./Dave/Generated/DIGITAL_IO/digital_io.o
 .debug_loc     0x000045a6       0xac ./Dave/Generated/CPU_CTRL_XMC4/cpu_ctrl_xmc4_conf.o
 .debug_loc     0x00004652      0x14c ./Dave/Generated/CLOCK_XMC4/clock_xmc4.o
 .debug_loc     0x0000479e       0x50 ./Dave/Generated/CLOCK_XMC4/clock_xmc4_conf.o
 .debug_loc     0x000047ee       0x50 ./Dave/Generated/DAVE.o
 .debug_loc     0x0000483e      0x1bc ./main.o

.debug_macinfo
 *(.debug_macinfo)

.debug_ranges   0x00000000      0x798
 *(.debug_ranges)
 .debug_ranges  0x00000000       0x38 ./Startup/system_XMC4200.o
 .debug_ranges  0x00000038       0x18 ./Libraries/XMCLib/src/xmc4_gpio.o
 .debug_ranges  0x00000050      0x418 ./Libraries/XMCLib/src/xmc4_scu.o
 .debug_ranges  0x00000468      0x128 ./Libraries/XMCLib/src/xmc_ccu4.o
 .debug_ranges  0x00000590       0x18 ./Libraries/XMCLib/src/xmc_gpio.o
 .debug_ranges  0x000005a8       0x18 ./Libraries/Newlib/syscalls.o
 .debug_ranges  0x000005c0       0xc8 ./Dave/Generated/TIMER/timer.o
 .debug_ranges  0x00000688       0x40 ./Dave/Generated/INTERRUPT/interrupt.o
 .debug_ranges  0x000006c8       0x20 ./Dave/Generated/GLOBAL_CCU4/global_ccu4.o
 .debug_ranges  0x000006e8       0x18 ./Dave/Generated/DIGITAL_IO/digital_io.o
 .debug_ranges  0x00000700       0x18 ./Dave/Generated/CPU_CTRL_XMC4/cpu_ctrl_xmc4_conf.o
 .debug_ranges  0x00000718       0x28 ./Dave/Generated/CLOCK_XMC4/clock_xmc4.o
 .debug_ranges  0x00000740       0x10 ./Dave/Generated/CLOCK_XMC4/clock_xmc4_conf.o
 .debug_ranges  0x00000750       0x10 ./Dave/Generated/DAVE.o
 .debug_ranges  0x00000760       0x38 ./main.o

.debug_weaknames
 *(.debug_weaknames)

.debug_funcnames
 *(.debug_funcnames)

.debug_typenames
 *(.debug_typenames)

.debug_varnames
 *(.debug_varnames)

.build_attributes
                0x00000000      0x546
 *(.ARM.attributes)
 .ARM.attributes
                0x00000000       0x25 ./Startup/startup_XMC4200.o
 .ARM.attributes
                0x00000025       0x37 ./Startup/system_XMC4200.o
 .ARM.attributes
                0x0000005c       0x37 ./Libraries/XMCLib/src/xmc4_gpio.o
 .ARM.attributes
                0x00000093       0x37 ./Libraries/XMCLib/src/xmc4_scu.o
 .ARM.attributes
                0x000000ca       0x37 ./Libraries/XMCLib/src/xmc_ccu4.o
 .ARM.attributes
                0x00000101       0x37 ./Libraries/XMCLib/src/xmc_gpio.o
 .ARM.attributes
                0x00000138       0x37 ./Libraries/Newlib/syscalls.o
 .ARM.attributes
                0x0000016f       0x37 ./Dave/Generated/TIMER/timer.o
 .ARM.attributes
                0x000001a6       0x37 ./Dave/Generated/TIMER/timer_conf.o
 .ARM.attributes
                0x000001dd       0x37 ./Dave/Generated/INTERRUPT/interrupt.o
 .ARM.attributes
                0x00000214       0x37 ./Dave/Generated/INTERRUPT/interrupt_conf.o
 .ARM.attributes
                0x0000024b       0x37 ./Dave/Generated/GLOBAL_CCU4/global_ccu4.o
 .ARM.attributes
                0x00000282       0x37 ./Dave/Generated/GLOBAL_CCU4/global_ccu4_conf.o
 .ARM.attributes
                0x000002b9       0x37 ./Dave/Generated/DIGITAL_IO/digital_io.o
 .ARM.attributes
                0x000002f0       0x37 ./Dave/Generated/DIGITAL_IO/digital_io_conf.o
 .ARM.attributes
                0x00000327       0x37 ./Dave/Generated/CPU_CTRL_XMC4/cpu_ctrl_xmc4_conf.o
 .ARM.attributes
                0x0000035e       0x37 ./Dave/Generated/CLOCK_XMC4/clock_xmc4.o
 .ARM.attributes
                0x00000395       0x37 ./Dave/Generated/CLOCK_XMC4/clock_xmc4_conf.o
 .ARM.attributes
                0x000003cc       0x37 ./Dave/Generated/DAVE.o
 .ARM.attributes
                0x00000403       0x37 ./main.o
 .ARM.attributes
                0x0000043a       0x22 c:/infineon/tools/dave ide/4.5.0.202105191637/eclipse/arm-gcc-49/bin/../lib/gcc/arm-none-eabi/4.9.3/armv7e-m/softfp\libgcc.a(_aeabi_uldivmod.o)
 .ARM.attributes
                0x0000045c       0x32 c:/infineon/tools/dave ide/4.5.0.202105191637/eclipse/arm-gcc-49/bin/../lib/gcc/arm-none-eabi/4.9.3/armv7e-m/softfp\libgcc.a(bpabi.o)
 .ARM.attributes
                0x0000048e       0x22 c:/infineon/tools/dave ide/4.5.0.202105191637/eclipse/arm-gcc-49/bin/../lib/gcc/arm-none-eabi/4.9.3/armv7e-m/softfp\libgcc.a(_dvmd_tls.o)
 .ARM.attributes
                0x000004b0       0x32 c:/infineon/tools/dave ide/4.5.0.202105191637/eclipse/arm-gcc-49/bin/../lib/gcc/arm-none-eabi/4.9.3/armv7e-m/softfp\libgcc.a(_divdi3.o)
 .ARM.attributes
                0x000004e2       0x32 c:/infineon/tools/dave ide/4.5.0.202105191637/eclipse/arm-gcc-49/bin/../lib/gcc/arm-none-eabi/4.9.3/armv7e-m/softfp\libgcc.a(_udivdi3.o)
 .ARM.attributes
                0x00000514       0x32 c:/infineon/tools/dave ide/4.5.0.202105191637/eclipse/arm-gcc-49/bin/../lib/gcc/arm-none-eabi/4.9.3/../../../../arm-none-eabi/lib/armv7e-m/softfp\libg_nano.a(lib_a-init.o)
OUTPUT(02A_Button_Hold.elf elf32-littlearm)
