00:05:40 **** Incremental Build of configuration Debug for project 01_blinking_LED ****
"\"C:\\Infineon\\Tools\\DAVE IDE\\4.5.0.202105191637\\eclipse\\ARM-GCC-49\\bin\\make\"" --output-sync -j8 all 
'Invoking: ARM-GCC Print Size'
"C:/Infineon/Tools/DAVE IDE/4.5.0.202105191637/eclipse/ARM-GCC-49/bin/arm-none-eabi-size" --format=berkeley "01_blinking_LED.elf"
   text	   data	    bss	    dec	    hex	filename
   8020	     56	   2096	  10172	   27bc	01_blinking_LED.elf
'Finished building: 01_blinking_LED.siz'


00:05:41 Build Finished (took 504ms)

