21:09:46 **** Incremental Build of configuration Debug for project 01A_Blinking_BaseTimer ****
"\"C:\\Infineon\\Tools\\DAVE IDE\\4.5.0.202105191637\\eclipse\\ARM-GCC-49\\bin\\make\"" --output-sync -j8 all 
'Invoking: ARM-GCC Print Size'
"C:/Infineon/Tools/DAVE IDE/4.5.0.202105191637/eclipse/ARM-GCC-49/bin/arm-none-eabi-size" --format=berkeley "01A_Blinking_BaseTimer.elf"
   text	   data	    bss	    dec	    hex	filename
   7992	     56	   2096	  10144	   27a0	01A_Blinking_BaseTimer.elf
'Finished building: 01A_Blinking_BaseTimer.siz'


21:09:47 Build Finished (took 413ms)

