18:41:24 **** Incremental Build of configuration Debug for project 01X_Blinking_Timer2 ****
"\"C:\\Infineon\\Tools\\DAVE IDE\\4.5.0.202105191637\\eclipse\\ARM-GCC-49\\bin\\make\"" --output-sync -j8 all 
'Invoking: ARM-GCC Print Size'
"C:/Infineon/Tools/DAVE IDE/4.5.0.202105191637/eclipse/ARM-GCC-49/bin/arm-none-eabi-size" --format=berkeley "01X_Blinking_Timer2.elf"
   text	   data	    bss	    dec	    hex	filename
   7992	     56	   2096	  10144	   27a0	01X_Blinking_Timer2.elf
'Finished building: 01X_Blinking_Timer2.siz'


18:41:24 Build Finished (took 346ms)

