15:42:58 **** Incremental Build of configuration Debug for project 01X_Blinking_FixedInterval ****
"\"C:\\Infineon\\Tools\\DAVE IDE\\4.5.0.202105191637\\eclipse\\ARM-GCC-49\\bin\\make\"" --output-sync -j8 all 
'Invoking: ARM-GCC Print Size'
"C:/Infineon/Tools/DAVE IDE/4.5.0.202105191637/eclipse/ARM-GCC-49/bin/arm-none-eabi-size" --format=berkeley "01X_Blinking_FixedInterval.elf"
   text	   data	    bss	    dec	    hex	filename
   7964	     56	   2092	  10112	   2780	01X_Blinking_FixedInterval.elf
'Finished building: 01X_Blinking_FixedInterval.siz'


15:42:58 Build Finished (took 494ms)

