20:39:25 **** Incremental Build of configuration Debug for project 01X_Blinking_Interval ****
"\"C:\\Infineon\\Tools\\DAVE IDE\\4.5.0.202105191637\\eclipse\\ARM-GCC-49\\bin\\make\"" --output-sync -j8 all 
'Invoking: ARM-GCC Print Size'
"C:/Infineon/Tools/DAVE IDE/4.5.0.202105191637/eclipse/ARM-GCC-49/bin/arm-none-eabi-size" --format=berkeley "01X_Blinking_Interval.elf"
   text	   data	    bss	    dec	    hex	filename
   8020	     56	   2096	  10172	   27bc	01X_Blinking_Interval.elf
'Finished building: 01X_Blinking_Interval.siz'


20:39:25 Build Finished (took 413ms)

